// Jest Snapshot v1, https://goo.gl/fbAQLP

exports[`Board game create board 1`] = `
Object {
  "activePlayer": "",
  "sizeX": 3,
  "sizeY": 3,
  "tiles": Array [
    Object {
      "position": Object {
        "x": 0,
        "y": 0,
      },
    },
    Object {
      "position": Object {
        "x": 1,
        "y": 0,
      },
    },
    Object {
      "position": Object {
        "x": 2,
        "y": 0,
      },
    },
    Object {
      "position": Object {
        "x": 0,
        "y": 1,
      },
    },
    Object {
      "position": Object {
        "x": 1,
        "y": 1,
      },
    },
    Object {
      "position": Object {
        "x": 2,
        "y": 1,
      },
    },
    Object {
      "position": Object {
        "x": 0,
        "y": 2,
      },
    },
    Object {
      "position": Object {
        "x": 1,
        "y": 2,
      },
    },
    Object {
      "position": Object {
        "x": 2,
        "y": 2,
      },
    },
  ],
}
`;
